[
  {
    "Target": "testdata/fixtures/amazon-1.tar.gz (amazon AMI release 2018.03)",
    "Type": "amazon",
    "Vulnerabilities": [
      {
        "VulnerabilityID": "CVE-2019-5481",
        "PkgName": "curl",
        "InstalledVersion": "7.61.1-11.91.amzn1",
        "FixedVersion": "7.61.1-12.93.amzn1",
        "LayerID": "sha256:984fe1509738f6f00f34d9be7398b07ebeb8b98dda077ff6be2cdb87111b73cf",
        "Title": "curl: double free due to subsequent call of realloc()",
        "Description": "Double-free vulnerability in the FTP-kerberos code in cURL 7.52.0 to 7.65.3.",
        "Severity": "HIGH",
        "References": [
          "http://lists.opensuse.org/opensuse-security-announce/2019-09/msg00048.html",
          "http://lists.opensuse.org/opensuse-security-announce/2019-09/msg00055.html",
          "https://curl.haxx.se/docs/CVE-2019-5481.html",
          "https://lists.fedoraproject.org/archives/list/package-announce@lists.fedoraproject.org/message/RGDVKSLY5JUNJRLYRUA6CXGQ2LM63XC3/",
          "https://lists.fedoraproject.org/archives/list/package-announce@lists.fedoraproject.org/message/UA7KDM2WPM5CJDDGOEGFV6SSGD2J7RNT/"
        ]
      },
      {
        "VulnerabilityID": "CVE-2019-5482",
        "PkgName": "curl",
        "InstalledVersion": "7.61.1-11.91.amzn1",
        "FixedVersion": "7.61.1-12.93.amzn1",
        "LayerID": "sha256:984fe1509738f6f00f34d9be7398b07ebeb8b98dda077ff6be2cdb87111b73cf",
        "Title": "curl: heap buffer overflow in function tftp_receive_packet()",
        "Description": "Heap buffer overflow in the TFTP protocol handler in cURL 7.19.4 to 7.65.3.",
        "Severity": "HIGH",
        "References": [
          "http://lists.opensuse.org/opensuse-security-announce/2019-09/msg00048.html",
          "http://lists.opensuse.org/opensuse-security-announce/2019-09/msg00055.html",
          "https://curl.haxx.se/docs/CVE-2019-5482.html",
          "https://cve.mitre.org/cgi-bin/cvename.cgi?name=CVE-2019-5482",
          "https://lists.fedoraproject.org/archives/list/package-announce@lists.fedoraproject.org/message/RGDVKSLY5JUNJRLYRUA6CXGQ2LM63XC3/",
          "https://lists.fedoraproject.org/archives/list/package-announce@lists.fedoraproject.org/message/UA7KDM2WPM5CJDDGOEGFV6SSGD2J7RNT/"
        ]
      },
      {
        "VulnerabilityID": "CVE-2019-5481",
        "PkgName": "libcurl",
        "InstalledVersion": "7.61.1-11.91.amzn1",
        "FixedVersion": "7.61.1-12.93.amzn1",
        "LayerID": "sha256:984fe1509738f6f00f34d9be7398b07ebeb8b98dda077ff6be2cdb87111b73cf",
        "Title": "curl: double free due to subsequent call of realloc()",
        "Description": "Double-free vulnerability in the FTP-kerberos code in cURL 7.52.0 to 7.65.3.",
        "Severity": "HIGH",
        "References": [
          "http://lists.opensuse.org/opensuse-security-announce/2019-09/msg00048.html",
          "http://lists.opensuse.org/opensuse-security-announce/2019-09/msg00055.html",
          "https://curl.haxx.se/docs/CVE-2019-5481.html",
          "https://lists.fedoraproject.org/archives/list/package-announce@lists.fedoraproject.org/message/RGDVKSLY5JUNJRLYRUA6CXGQ2LM63XC3/",
          "https://lists.fedoraproject.org/archives/list/package-announce@lists.fedoraproject.org/message/UA7KDM2WPM5CJDDGOEGFV6SSGD2J7RNT/"
        ]
      },
      {
        "VulnerabilityID": "CVE-2019-5482",
        "PkgName": "libcurl",
        "InstalledVersion": "7.61.1-11.91.amzn1",
        "FixedVersion": "7.61.1-12.93.amzn1",
        "LayerID": "sha256:984fe1509738f6f00f34d9be7398b07ebeb8b98dda077ff6be2cdb87111b73cf",
        "Title": "curl: heap buffer overflow in function tftp_receive_packet()",
        "Description": "Heap buffer overflow in the TFTP protocol handler in cURL 7.19.4 to 7.65.3.",
        "Severity": "HIGH",
        "References": [
          "http://lists.opensuse.org/opensuse-security-announce/2019-09/msg00048.html",
          "http://lists.opensuse.org/opensuse-security-announce/2019-09/msg00055.html",
          "https://curl.haxx.se/docs/CVE-2019-5482.html",
          "https://cve.mitre.org/cgi-bin/cvename.cgi?name=CVE-2019-5482",
          "https://lists.fedoraproject.org/archives/list/package-announce@lists.fedoraproject.org/message/RGDVKSLY5JUNJRLYRUA6CXGQ2LM63XC3/",
          "https://lists.fedoraproject.org/archives/list/package-announce@lists.fedoraproject.org/message/UA7KDM2WPM5CJDDGOEGFV6SSGD2J7RNT/"
        ]
      },
      {
        "VulnerabilityID": "CVE-2019-9511",
        "PkgName": "libnghttp2",
        "InstalledVersion": "1.21.1-1.4.amzn1",
        "FixedVersion": "1.31.1-2.5.amzn1",
        "LayerID": "sha256:984fe1509738f6f00f34d9be7398b07ebeb8b98dda077ff6be2cdb87111b73cf",
        "Title": "HTTP/2: large amount of data requests leads to denial of service",
        "Description": "Some HTTP/2 implementations are vulnerable to window size manipulation and stream prioritization manipulation, potentially leading to a denial of service. The attacker requests a large amount of data from a specified resource over multiple streams. They manipulate window size and stream priority to force the server to queue the data in 1-byte chunks. Depending on how efficiently this data is queued, this can consume excess CPU, memory, or both.",
        "Severity": "HIGH",
        "References": [
          "https://cve.mitre.org/cgi-bin/cvename.cgi?name=CVE-2019-9511",
          "https://github.com/Netflix/security-bulletins/blob/master/advisories/third-party/2019-002.md",
          "https://kb.cert.org/vuls/id/605641/",
          "https://lists.fedoraproject.org/archives/list/package-announce@lists.fedoraproject.org/message/BP556LEG3WENHZI5TAQ6ZEBFTJB4E2IS/",
          "https://lists.fedoraproject.org/archives/list/package-announce@lists.fedoraproject.org/message/JUBYAF6ED3O4XCHQ5C2HYENJLXYXZC4M/",
          "https://lists.fedoraproject.org/archives/list/package-announce@lists.fedoraproject.org/message/LZLUYPYY3RX4ZJDWZRJIKSULYRJ4PXW7/",
          "https://lists.fedoraproject.org/archives/list/package-announce@lists.fedoraproject.org/message/TAZZEVTCN2B4WT6AIBJ7XGYJMBTORJU5/",
          "https://lists.fedoraproject.org/archives/list/package-announce@lists.fedoraproject.org/message/XHTKU7YQ5EEP2XNSAV4M4VJ7QCBOJMOD/",
          "https://nodejs.org/en/blog/vulnerability/aug-2019-security-releases/",
          "https://seclists.org/bugtraq/2019/Aug/40",
          "https://security.netapp.com/advisory/ntap-20190823-0002/",
          "https://security.netapp.com/advisory/ntap-20190823-0005/",
          "https://support.f5.com/csp/article/K02591030",
          "https://usn.ubuntu.com/4099-1/",
          "https://www.debian.org/security/2019/dsa-4505",
          "https://www.nginx.com/blog/nginx-updates-mitigate-august-2019-http-2-vulnerabilities/",
          "https://www.synology.com/security/advisory/Synology_SA_19_33"
        ]
      },
      {
        "VulnerabilityID": "CVE-2019-9513",
        "PkgName": "libnghttp2",
        "InstalledVersion": "1.21.1-1.4.amzn1",
        "FixedVersion": "1.31.1-2.5.amzn1",
        "LayerID": "sha256:984fe1509738f6f00f34d9be7398b07ebeb8b98dda077ff6be2cdb87111b73cf",
        "Title": "HTTP/2: flood using PRIORITY frames results in excessive resource consumption",
        "Description": "Some HTTP/2 implementations are vulnerable to resource loops, potentially leading to a denial of service. The attacker creates multiple request streams and continually shuffles the priority of the streams in a way that causes substantial churn to the priority tree. This can consume excess CPU.",
        "Severity": "HIGH",
        "References": [
          "https://cve.mitre.org/cgi-bin/cvename.cgi?name=CVE-2019-9513",
          "https://github.com/Netflix/security-bulletins/blob/master/advisories/third-party/2019-002.md",
          "https://kb.cert.org/vuls/id/605641/",
          "https://lists.fedoraproject.org/archives/list/package-announce@lists.fedoraproject.org/message/4ZQGHE3WTYLYAYJEIDJVF2FIGQTAYPMC/",
          "https://lists.fedoraproject.org/archives/list/package-announce@lists.fedoraproject.org/message/CMNFX5MNYRWWIMO4BTKYQCGUDMHO3AXP/",
          "https://lists.fedoraproject.org/archives/list/package-announce@lists.fedoraproject.org/message/JUBYAF6ED3O4XCHQ5C2HYENJLXYXZC4M/",
          "https://lists.fedoraproject.org/archives/list/package-announce@lists.fedoraproject.org/message/LZLUYPYY3RX4ZJDWZRJIKSULYRJ4PXW7/",
          "https://lists.fedoraproject.org/archives/list/package-announce@lists.fedoraproject.org/message/TAZZEVTCN2B4WT6AIBJ7XGYJMBTORJU5/",
          "https://nghttp2.org/blog/2019/08/19/nghttp2-v1-39-2/",
          "https://nodejs.org/en/blog/vulnerability/aug-2019-security-releases/",
          "https://seclists.org/bugtraq/2019/Aug/40",
          "https://security.netapp.com/advisory/ntap-20190823-0002/",
          "https://security.netapp.com/advisory/ntap-20190823-0005/",
          "https://support.f5.com/csp/article/K02591030",
          "https://usn.ubuntu.com/4099-1/",
          "https://www.debian.org/security/2019/dsa-4505",
          "https://www.nginx.com/blog/nginx-updates-mitigate-august-2019-http-2-vulnerabilities/",
          "https://www.synology.com/security/advisory/Synology_SA_19_33"
        ]
      }
    ]
  }
]