[
  {
    "Target": "testdata/fixtures/oraclelinux-8-slim.tar.gz (oracle 8.0)",
    "Type": "oracle",
    "Vulnerabilities": null
  }
]