[
  {
    "Target": "testdata/fixtures/photon-30.tar.gz (photon 3.0)",
    "Type": "photon",
    "Vulnerabilities": [
      {
        "VulnerabilityID": "CVE-2019-5481",
        "PkgName": "curl",
        "InstalledVersion": "7.61.1-4.ph3",
        "FixedVersion": "7.61.1-5.ph3",
        "LayerID": "sha256:0f379947a276b7b051643960392fa66c2f0cb493bc1dcd471abb5545005949fd",
        "Title": "curl: double free due to subsequent call of realloc()",
        "Description": "Double-free vulnerability in the FTP-kerberos code in cURL 7.52.0 to 7.65.3.",
        "Severity": "HIGH",
        "References": [
          "http://lists.opensuse.org/opensuse-security-announce/2019-09/msg00048.html",
          "http://lists.opensuse.org/opensuse-security-announce/2019-09/msg00055.html",
          "https://curl.haxx.se/docs/CVE-2019-5481.html",
          "https://lists.fedoraproject.org/archives/list/package-announce@lists.fedoraproject.org/message/RGDVKSLY5JUNJRLYRUA6CXGQ2LM63XC3/",
          "https://lists.fedoraproject.org/archives/list/package-announce@lists.fedoraproject.org/message/UA7KDM2WPM5CJDDGOEGFV6SSGD2J7RNT/"
        ]
      },
      {
        "VulnerabilityID": "CVE-2019-5482",
        "PkgName": "curl",
        "InstalledVersion": "7.61.1-4.ph3",
        "FixedVersion": "7.61.1-5.ph3",
        "LayerID": "sha256:0f379947a276b7b051643960392fa66c2f0cb493bc1dcd471abb5545005949fd",
        "Title": "curl: heap buffer overflow in function tftp_receive_packet()",
        "Description": "Heap buffer overflow in the TFTP protocol handler in cURL 7.19.4 to 7.65.3.",
        "Severity": "HIGH",
        "References": [
          "http://lists.opensuse.org/opensuse-security-announce/2019-09/msg00048.html",
          "http://lists.opensuse.org/opensuse-security-announce/2019-09/msg00055.html",
          "https://curl.haxx.se/docs/CVE-2019-5482.html",
          "https://cve.mitre.org/cgi-bin/cvename.cgi?name=CVE-2019-5482",
          "https://lists.fedoraproject.org/archives/list/package-announce@lists.fedoraproject.org/message/RGDVKSLY5JUNJRLYRUA6CXGQ2LM63XC3/",
          "https://lists.fedoraproject.org/archives/list/package-announce@lists.fedoraproject.org/message/UA7KDM2WPM5CJDDGOEGFV6SSGD2J7RNT/"
        ]
      },
      {
        "VulnerabilityID": "CVE-2019-5481",
        "PkgName": "curl-libs",
        "InstalledVersion": "7.61.1-4.ph3",
        "FixedVersion": "7.61.1-5.ph3",
        "LayerID": "sha256:0f379947a276b7b051643960392fa66c2f0cb493bc1dcd471abb5545005949fd",
        "Title": "curl: double free due to subsequent call of realloc()",
        "Description": "Double-free vulnerability in the FTP-kerberos code in cURL 7.52.0 to 7.65.3.",
        "Severity": "HIGH",
        "References": [
          "http://lists.opensuse.org/opensuse-security-announce/2019-09/msg00048.html",
          "http://lists.opensuse.org/opensuse-security-announce/2019-09/msg00055.html",
          "https://curl.haxx.se/docs/CVE-2019-5481.html",
          "https://lists.fedoraproject.org/archives/list/package-announce@lists.fedoraproject.org/message/RGDVKSLY5JUNJRLYRUA6CXGQ2LM63XC3/",
          "https://lists.fedoraproject.org/archives/list/package-announce@lists.fedoraproject.org/message/UA7KDM2WPM5CJDDGOEGFV6SSGD2J7RNT/"
        ]
      },
      {
        "VulnerabilityID": "CVE-2019-5482",
        "PkgName": "curl-libs",
        "InstalledVersion": "7.61.1-4.ph3",
        "FixedVersion": "7.61.1-5.ph3",
        "LayerID": "sha256:0f379947a276b7b051643960392fa66c2f0cb493bc1dcd471abb5545005949fd",
        "Title": "curl: heap buffer overflow in function tftp_receive_packet()",
        "Description": "Heap buffer overflow in the TFTP protocol handler in cURL 7.19.4 to 7.65.3.",
        "Severity": "HIGH",
        "References": [
          "http://lists.opensuse.org/opensuse-security-announce/2019-09/msg00048.html",
          "http://lists.opensuse.org/opensuse-security-announce/2019-09/msg00055.html",
          "https://curl.haxx.se/docs/CVE-2019-5482.html",
          "https://cve.mitre.org/cgi-bin/cvename.cgi?name=CVE-2019-5482",
          "https://lists.fedoraproject.org/archives/list/package-announce@lists.fedoraproject.org/message/RGDVKSLY5JUNJRLYRUA6CXGQ2LM63XC3/",
          "https://lists.fedoraproject.org/archives/list/package-announce@lists.fedoraproject.org/message/UA7KDM2WPM5CJDDGOEGFV6SSGD2J7RNT/"
        ]
      },
      {
        "VulnerabilityID": "CVE-2019-5094",
        "PkgName": "e2fsprogs-libs",
        "InstalledVersion": "1.44.3-2.ph3",
        "FixedVersion": "1.44.3-3.ph3",
        "LayerID": "sha256:0f379947a276b7b051643960392fa66c2f0cb493bc1dcd471abb5545005949fd",
        "Description": "An exploitable code execution vulnerability exists in the quota file functionality of E2fsprogs 1.45.3. A specially crafted ext4 partition can cause an out-of-bounds write on the heap, resulting in code execution. An attacker can corrupt a partition to trigger this vulnerability.",
        "Severity": "MEDIUM",
        "References": [
          "https://cve.mitre.org/cgi-bin/cvename.cgi?name=CVE-2019-5094",
          "https://lists.debian.org/debian-lts-announce/2019/09/msg00029.html",
          "https://seclists.org/bugtraq/2019/Sep/58",
          "https://talosintelligence.com/vulnerability_reports/TALOS-2019-0887",
          "https://usn.ubuntu.com/4142-2/",
          "https://www.debian.org/security/2019/dsa-4535"
        ]
      },
      {
        "VulnerabilityID": "CVE-2019-1563",
        "PkgName": "openssl",
        "InstalledVersion": "1.0.2s-1.ph3",
        "FixedVersion": "1.0.2t-1.ph3",
        "LayerID": "sha256:0f379947a276b7b051643960392fa66c2f0cb493bc1dcd471abb5545005949fd",
        "Title": "openssl: information disclosure in PKCS7_dataDecode and CMS_decrypt_set1_pkey",
        "Description": "In situations where an attacker receives automated notification of the success or failure of a decryption attempt an attacker, after sending a very large number of messages to be decrypted, can recover a CMS/PKCS7 transported encryption key or decrypt any RSA encrypted message that was encrypted with the public RSA key, using a Bleichenbacher padding oracle attack. Applications are not affected if they use a certificate together with the private RSA key to the CMS_decrypt or PKCS7_decrypt functions to select the correct recipient info to decrypt. Fixed in OpenSSL 1.1.1d (Affected 1.1.1-1.1.1c). Fixed in OpenSSL 1.1.0l (Affected 1.1.0-1.1.0k). Fixed in OpenSSL 1.0.2t (Affected 1.0.2-1.0.2s).",
        "Severity": "MEDIUM",
        "References": [
          "http://packetstormsecurity.com/files/154467/Slackware-Security-Advisory-openssl-Updates.html",
          "https://cve.mitre.org/cgi-bin/cvename.cgi?name=CVE-2019-1563",
          "https://git.openssl.org/gitweb/?p=openssl.git;a=commitdiff;h=08229ad838c50f644d7e928e2eef147b4308ad64",
          "https://git.openssl.org/gitweb/?p=openssl.git;a=commitdiff;h=631f94db0065c78181ca9ba5546ebc8bb3884b97",
          "https://git.openssl.org/gitweb/?p=openssl.git;a=commitdiff;h=e21f8cf78a125cd3c8c0d1a1a6c8bb0b901f893f",
          "https://seclists.org/bugtraq/2019/Sep/25",
          "https://security.netapp.com/advisory/ntap-20190919-0002/",
          "https://www.openssl.org/news/secadv/20190910.txt"
        ]
      },
      {
        "VulnerabilityID": "CVE-2019-1547",
        "PkgName": "openssl",
        "InstalledVersion": "1.0.2s-1.ph3",
        "FixedVersion": "1.0.2t-1.ph3",
        "LayerID": "sha256:0f379947a276b7b051643960392fa66c2f0cb493bc1dcd471abb5545005949fd",
        "Title": "openssl: side-channel weak encryption vulnerability",
        "Description": "Normally in OpenSSL EC groups always have a co-factor present and this is used in side channel resistant code paths. However, in some cases, it is possible to construct a group using explicit parameters (instead of using a named curve). In those cases it is possible that such a group does not have the cofactor present. This can occur even where all the parameters match a known named curve. If such a curve is used then OpenSSL falls back to non-side channel resistant code paths which may result in full key recovery during an ECDSA signature operation. In order to be vulnerable an attacker would have to have the ability to time the creation of a large number of signatures where explicit parameters with no co-factor present are in use by an application using libcrypto. For the avoidance of doubt libssl is not vulnerable because explicit parameters are never used. Fixed in OpenSSL 1.1.1d (Affected 1.1.1-1.1.1c). Fixed in OpenSSL 1.1.0l (Affected 1.1.0-1.1.0k). Fixed in OpenSSL 1.0.2t (Affected 1.0.2-1.0.2s).",
        "Severity": "LOW",
        "References": [
          "http://packetstormsecurity.com/files/154467/Slackware-Security-Advisory-openssl-Updates.html",
          "https://arxiv.org/abs/1909.01785",
          "https://cve.mitre.org/cgi-bin/cvename.cgi?name=CVE-2019-1547",
          "https://git.openssl.org/gitweb/?p=openssl.git;a=commitdiff;h=21c856b75d81eff61aa63b4f036bb64a85bf6d46",
          "https://git.openssl.org/gitweb/?p=openssl.git;a=commitdiff;h=30c22fa8b1d840036b8e203585738df62a03cec8",
          "https://git.openssl.org/gitweb/?p=openssl.git;a=commitdiff;h=7c1709c2da5414f5b6133d00a03fc8c5bf996c7a",
          "https://seclists.org/bugtraq/2019/Sep/25",
          "https://security.netapp.com/advisory/ntap-20190919-0002/",
          "https://www.openssl.org/news/secadv/20190910.txt"
        ]
      },
      {
        "VulnerabilityID": "CVE-2019-16168",
        "PkgName": "sqlite-libs",
        "InstalledVersion": "3.27.2-3.ph3",
        "FixedVersion": "3.27.2-5.ph3",
        "LayerID": "sha256:0f379947a276b7b051643960392fa66c2f0cb493bc1dcd471abb5545005949fd",
        "Description": "In SQLite through 3.29.0, whereLoopAddBtreeIndex in sqlite3.c can crash a browser or other application because of missing validation of a sqlite_stat1 sz field, aka a \"severe division by zero in the query planner.\"",
        "Severity": "MEDIUM",
        "References": [
          "https://security.netapp.com/advisory/ntap-20190926-0003/",
          "https://www.mail-archive.com/sqlite-users@mailinglists.sqlite.org/msg116312.html",
          "https://www.sqlite.org/src/info/e4598ecbdd18bd82945f6029013296690e719a62",
          "https://www.sqlite.org/src/timeline?c=98357d8c1263920b"
        ]
      }
    ]
  }
]