[
  {
    "Target": "testdata/fixtures/ubuntu-1804.tar.gz (ubuntu 18.04)",
    "Type": "ubuntu",
    "Vulnerabilities": [
      {
        "VulnerabilityID": "CVE-2019-5094",
        "PkgName": "e2fsprogs",
        "InstalledVersion": "1.44.1-1ubuntu1.1",
        "FixedVersion": "1.44.1-1ubuntu1.2",
        "LayerID": "sha256:6cebf3abed5fac58d2e792ce8461454e92c245d5312c42118f02e231a73b317f",
        "Description": "An exploitable code execution vulnerability exists in the quota file functionality of E2fsprogs 1.45.3. A specially crafted ext4 partition can cause an out-of-bounds write on the heap, resulting in code execution. An attacker can corrupt a partition to trigger this vulnerability.",
        "Severity": "MEDIUM",
        "References": [
          "https://cve.mitre.org/cgi-bin/cvename.cgi?name=CVE-2019-5094",
          "https://lists.debian.org/debian-lts-announce/2019/09/msg00029.html",
          "https://seclists.org/bugtraq/2019/Sep/58",
          "https://talosintelligence.com/vulnerability_reports/TALOS-2019-0887",
          "https://usn.ubuntu.com/4142-2/",
          "https://www.debian.org/security/2019/dsa-4535"
        ]
      },
      {
        "VulnerabilityID": "CVE-2019-5094",
        "PkgName": "libcom-err2",
        "InstalledVersion": "1.44.1-1ubuntu1.1",
        "FixedVersion": "1.44.1-1ubuntu1.2",
        "LayerID": "sha256:6cebf3abed5fac58d2e792ce8461454e92c245d5312c42118f02e231a73b317f",
        "Description": "An exploitable code execution vulnerability exists in the quota file functionality of E2fsprogs 1.45.3. A specially crafted ext4 partition can cause an out-of-bounds write on the heap, resulting in code execution. An attacker can corrupt a partition to trigger this vulnerability.",
        "Severity": "MEDIUM",
        "References": [
          "https://cve.mitre.org/cgi-bin/cvename.cgi?name=CVE-2019-5094",
          "https://lists.debian.org/debian-lts-announce/2019/09/msg00029.html",
          "https://seclists.org/bugtraq/2019/Sep/58",
          "https://talosintelligence.com/vulnerability_reports/TALOS-2019-0887",
          "https://usn.ubuntu.com/4142-2/",
          "https://www.debian.org/security/2019/dsa-4535"
        ]
      },
      {
        "VulnerabilityID": "CVE-2019-5094",
        "PkgName": "libext2fs2",
        "InstalledVersion": "1.44.1-1ubuntu1.1",
        "FixedVersion": "1.44.1-1ubuntu1.2",
        "LayerID": "sha256:6cebf3abed5fac58d2e792ce8461454e92c245d5312c42118f02e231a73b317f",
        "Description": "An exploitable code execution vulnerability exists in the quota file functionality of E2fsprogs 1.45.3. A specially crafted ext4 partition can cause an out-of-bounds write on the heap, resulting in code execution. An attacker can corrupt a partition to trigger this vulnerability.",
        "Severity": "MEDIUM",
        "References": [
          "https://cve.mitre.org/cgi-bin/cvename.cgi?name=CVE-2019-5094",
          "https://lists.debian.org/debian-lts-announce/2019/09/msg00029.html",
          "https://seclists.org/bugtraq/2019/Sep/58",
          "https://talosintelligence.com/vulnerability_reports/TALOS-2019-0887",
          "https://usn.ubuntu.com/4142-2/",
          "https://www.debian.org/security/2019/dsa-4535"
        ]
      },
      {
        "VulnerabilityID": "CVE-2019-5094",
        "PkgName": "libss2",
        "InstalledVersion": "1.44.1-1ubuntu1.1",
        "FixedVersion": "1.44.1-1ubuntu1.2",
        "LayerID": "sha256:6cebf3abed5fac58d2e792ce8461454e92c245d5312c42118f02e231a73b317f",
        "Description": "An exploitable code execution vulnerability exists in the quota file functionality of E2fsprogs 1.45.3. A specially crafted ext4 partition can cause an out-of-bounds write on the heap, resulting in code execution. An attacker can corrupt a partition to trigger this vulnerability.",
        "Severity": "MEDIUM",
        "References": [
          "https://cve.mitre.org/cgi-bin/cvename.cgi?name=CVE-2019-5094",
          "https://lists.debian.org/debian-lts-announce/2019/09/msg00029.html",
          "https://seclists.org/bugtraq/2019/Sep/58",
          "https://talosintelligence.com/vulnerability_reports/TALOS-2019-0887",
          "https://usn.ubuntu.com/4142-2/",
          "https://www.debian.org/security/2019/dsa-4535"
        ]
      },
      {
        "VulnerabilityID": "CVE-2019-15718",
        "PkgName": "libsystemd0",
        "InstalledVersion": "237-3ubuntu10.25",
        "FixedVersion": "237-3ubuntu10.28",
        "LayerID": "sha256:6cebf3abed5fac58d2e792ce8461454e92c245d5312c42118f02e231a73b317f",
        "Title": "systemd: systemd-resolved allows unprivileged users to configure DNS",
        "Description": "In systemd 240, bus_open_system_watch_bind_with_description in shared/bus-util.c (as used by systemd-resolved to connect to the system D-Bus instance), calls sd_bus_set_trusted, which disables access controls for incoming D-Bus messages. An unprivileged user can exploit this by executing D-Bus methods that should be restricted to privileged users, in order to change the system's DNS resolver settings.",
        "Severity": "LOW",
        "References": [
          "http://www.openwall.com/lists/oss-security/2019/09/03/1",
          "https://bugzilla.redhat.com/show_bug.cgi?id=1746057",
          "https://lists.fedoraproject.org/archives/list/package-announce@lists.fedoraproject.org/message/BRE5IS24XTF5WNZGH2L7GSQJKARBOEGL/",
          "https://lists.fedoraproject.org/archives/list/package-announce@lists.fedoraproject.org/message/HIKGKXZ5OEGOEYURHLJHEMFYNLEGAW5B/",
          "https://lists.fedoraproject.org/archives/list/package-announce@lists.fedoraproject.org/message/U2WNHRJW4XI6H5YMDG4BUFGPAXWUMUVG/"
        ]
      },
      {
        "VulnerabilityID": "CVE-2019-15718",
        "PkgName": "libudev1",
        "InstalledVersion": "237-3ubuntu10.25",
        "FixedVersion": "237-3ubuntu10.28",
        "LayerID": "sha256:6cebf3abed5fac58d2e792ce8461454e92c245d5312c42118f02e231a73b317f",
        "Title": "systemd: systemd-resolved allows unprivileged users to configure DNS",
        "Description": "In systemd 240, bus_open_system_watch_bind_with_description in shared/bus-util.c (as used by systemd-resolved to connect to the system D-Bus instance), calls sd_bus_set_trusted, which disables access controls for incoming D-Bus messages. An unprivileged user can exploit this by executing D-Bus methods that should be restricted to privileged users, in order to change the system's DNS resolver settings.",
        "Severity": "LOW",
        "References": [
          "http://www.openwall.com/lists/oss-security/2019/09/03/1",
          "https://bugzilla.redhat.com/show_bug.cgi?id=1746057",
          "https://lists.fedoraproject.org/archives/list/package-announce@lists.fedoraproject.org/message/BRE5IS24XTF5WNZGH2L7GSQJKARBOEGL/",
          "https://lists.fedoraproject.org/archives/list/package-announce@lists.fedoraproject.org/message/HIKGKXZ5OEGOEYURHLJHEMFYNLEGAW5B/",
          "https://lists.fedoraproject.org/archives/list/package-announce@lists.fedoraproject.org/message/U2WNHRJW4XI6H5YMDG4BUFGPAXWUMUVG/"
        ]
      },
      {
        "VulnerabilityID": "CVE-2019-11922",
        "PkgName": "libzstd1",
        "InstalledVersion": "1.3.3+dfsg-2ubuntu1",
        "FixedVersion": "1.3.3+dfsg-2ubuntu1.1",
        "LayerID": "sha256:6cebf3abed5fac58d2e792ce8461454e92c245d5312c42118f02e231a73b317f",
        "Description": "A race condition in the one-pass compression functions of Zstandard prior to version 1.3.8 could allow an attacker to write bytes out of bounds if an output buffer smaller than the recommended size was used.",
        "Severity": "MEDIUM",
        "References": [
          "http://lists.opensuse.org/opensuse-security-announce/2019-08/msg00008.html",
          "http://lists.opensuse.org/opensuse-security-announce/2019-08/msg00062.html",
          "https://cve.mitre.org/cgi-bin/cvename.cgi?name=CVE-2019-11922",
          "https://github.com/facebook/zstd/pull/1404/commits/3e5cdf1b6a85843e991d7d10f6a2567c15580da0",
          "https://www.facebook.com/security/advisories/cve-2019-11922"
        ]
      }
    ]
  }
]